warning: in the working copy of 'Schema.org JSON-LD 實作手冊.md', LF will be replaced by CRLF the next time Git touches it
warning: in the working copy of '_config.yml', LF will be replaced by CRLF the next time Git touches it
warning: in the working copy of 'package-lock.json', LF will be replaced by CRLF the next time Git touches it
warning: in the working copy of 'package.json', LF will be replaced by CRLF the next time Git touches it
warning: in the working copy of 'scripts/tags-normalizer.js', LF will be replaced by CRLF the next time Git touches it
warning: in the working copy of 'source/_data/content-tags.yml', LF will be replaced by CRLF the next time Git touches it
warning: in the working copy of 'source/_posts/welcome-board.md', LF will be replaced by CRLF the next time Git touches it
warning: in the working copy of 'source/_posts/實驗室/排球攻擊揮臂機制.md', LF will be replaced by CRLF the next time Git touches it
warning: in the working copy of 'source/_posts/實驗室/討論GEO篇一.md', LF will be replaced by CRLF the next time Git touches it
warning: in the working copy of 'source/_posts/歌曲推薦/歌曲推薦-2375.md', LF will be replaced by CRLF the next time Git touches it
warning: in the working copy of 'source/_posts/歌曲推薦/歌曲推薦-All-for-you.md', LF will be replaced by CRLF the next time Git touches it
warning: in the working copy of 'source/_posts/歌曲推薦/歌曲推薦-Better-Man.md', LF will be replaced by CRLF the next time Git touches it
warning: in the working copy of 'source/_posts/歌曲推薦/歌曲推薦-Candy.md', LF will be replaced by CRLF the next time Git touches it
warning: in the working copy of 'source/_posts/歌曲推薦/歌曲推薦-Don-t-You-Worry.md', LF will be replaced by CRLF the next time Git touches it
warning: in the working copy of 'source/_posts/歌曲推薦/歌曲推薦-Free-Loop.md', LF will be replaced by CRLF the next time Git touches it
warning: in the working copy of 'source/_posts/歌曲推薦/歌曲推薦-From-The-Start.md', LF will be replaced by CRLF the next time Git touches it
warning: in the working copy of 'source/_posts/歌曲推薦/歌曲推薦-How-long-will-I-love-you.md', LF will be replaced by CRLF the next time Git touches it
warning: in the working copy of 'source/_posts/歌曲推薦/歌曲推薦-Hyehwa-dong.md', LF will be replaced by CRLF the next time Git touches it
warning: in the working copy of 'source/_posts/歌曲推薦/歌曲推薦-I will love you.md', LF will be replaced by CRLF the next time Git touches it
warning: in the working copy of 'source/_posts/歌曲推薦/歌曲推薦-I-love-you無望.md', LF will be replaced by CRLF the next time Git touches it
warning: in the working copy of 'source/_posts/歌曲推薦/歌曲推薦-Just Give Me A Reason.md', LF will be replaced by CRLF the next time Git touches it
warning: in the working copy of 'source/_posts/歌曲推薦/歌曲推薦-My-heart-will-go-on.md', LF will be replaced by CRLF the next time Git touches it
warning: in the working copy of 'source/_posts/歌曲推薦/歌曲推薦-Nothing‘s-Gonna-Stop-Us-Now.md', LF will be replaced by CRLF the next time Git touches it
warning: in the working copy of 'source/_posts/歌曲推薦/歌曲推薦-Right-here-waiting.md', LF will be replaced by CRLF the next time Git touches it
warning: in the working copy of 'source/_posts/歌曲推薦/歌曲推薦-Secret-of-my-heart.md', LF will be replaced by CRLF the next time Git touches it
warning: in the working copy of 'source/_posts/歌曲推薦/歌曲推薦-Tally.md', LF will be replaced by CRLF the next time Git touches it
warning: in the working copy of 'source/_posts/歌曲推薦/歌曲推薦-Way-back-into-love.md', LF will be replaced by CRLF the next time Git touches it
warning: in the working copy of 'source/_posts/歌曲推薦/歌曲推薦-When-you-say-nothing-at-all.md', LF will be replaced by CRLF the next time Git touches it
warning: in the working copy of 'source/_posts/歌曲推薦/歌曲推薦-Wonderful-tonight.md', LF will be replaced by CRLF the next time Git touches it
warning: in the working copy of 'source/_posts/歌曲推薦/歌曲推薦-You-are-not-alone.md', LF will be replaced by CRLF the next time Git touches it
warning: in the working copy of 'source/_posts/歌曲推薦/歌曲推薦-free-magic.md', LF will be replaced by CRLF the next time Git touches it
warning: in the working copy of 'source/_posts/歌曲推薦/歌曲推薦-kiss-me.md', LF will be replaced by CRLF the next time Git touches it
warning: in the working copy of 'source/_posts/歌曲推薦/歌曲推薦-miles are wide.md', LF will be replaced by CRLF the next time Git touches it
warning: in the working copy of 'source/_posts/歌曲推薦/歌曲推薦-sailing back to you.md', LF will be replaced by CRLF the next time Git touches it
warning: in the working copy of 'source/_posts/歌曲推薦/歌曲推薦-tears.md', LF will be replaced by CRLF the next time Git touches it
warning: in the working copy of 'source/_posts/歌曲推薦/歌曲推薦-the day you went away.md', LF will be replaced by CRLF the next time Git touches it
warning: in the working copy of 'source/_posts/歌曲推薦/歌曲推薦-それぞれに.md', LF will be replaced by CRLF the next time Git touches it
warning: in the working copy of 'source/_posts/歌曲推薦/歌曲推薦-プラスティック・ラブ.md', LF will be replaced by CRLF the next time Git touches it
warning: in the working copy of 'source/_posts/歌曲推薦/歌曲推薦-一世情緣.md', LF will be replaced by CRLF the next time Git touches it
warning: in the working copy of 'source/_posts/歌曲推薦/歌曲推薦-一切再重來.md', LF will be replaced by CRLF the next time Git touches it
warning: in the working copy of 'source/_posts/歌曲推薦/歌曲推薦-一千年以後.md', LF will be replaced by CRLF the next time Git touches it
warning: in the working copy of 'source/_posts/歌曲推薦/歌曲推薦-一直很安靜.md', LF will be replaced by CRLF the next time Git touches it
warning: in the working copy of 'source/_posts/歌曲推薦/歌曲推薦-一見鍾情.md', LF will be replaced by CRLF the next time Git touches it
warning: in the working copy of 'source/_posts/歌曲推薦/歌曲推薦-一輩子的孤單.md', LF will be replaced by CRLF the next time Git touches it
warning: in the working copy of 'source/_posts/歌曲推薦/歌曲推薦-上上籤.md', LF will be replaced by CRLF the next time Git touches it
warning: in the working copy of 'source/_posts/歌曲推薦/歌曲推薦-不是我不明白.md', LF will be replaced by CRLF the next time Git touches it
warning: in the working copy of 'source/_posts/歌曲推薦/歌曲推薦-你不在.md', LF will be replaced by CRLF the next time Git touches it
warning: in the working copy of 'source/_posts/歌曲推薦/歌曲推薦-你好嗎.md', LF will be replaced by CRLF the next time Git touches it
warning: in the working copy of 'source/_posts/歌曲推薦/歌曲推薦-像我這樣的人.md', LF will be replaced by CRLF the next time Git touches it
warning: in the working copy of 'source/_posts/歌曲推薦/歌曲推薦-全世界我最喜歡你（可是你都不知道）.md', LF will be replaced by CRLF the next time Git touches it
warning: in the working copy of 'source/_posts/歌曲推薦/歌曲推薦-其實我真的很在乎.md', LF will be replaced by CRLF the next time Git touches it
warning: in the working copy of 'source/_posts/歌曲推薦/歌曲推薦-其實都沒有.md', LF will be replaced by CRLF the next time Git touches it
warning: in the working copy of 'source/_posts/歌曲推薦/歌曲推薦-再會啦心愛的無緣的人.md', LF will be replaced by CRLF the next time Git touches it
warning: in the working copy of 'source/_posts/歌曲推薦/歌曲推薦-動不動就說愛我.md', LF will be replaced by CRLF the next time Git touches it
warning: in the working copy of 'source/_posts/歌曲推薦/歌曲推薦-北極雪.md', LF will be replaced by CRLF the next time Git touches it
warning: in the working copy of 'source/_posts/歌曲推薦/歌曲推薦-千千闋歌.md', LF will be replaced by CRLF the next time Git touches it
warning: in the working copy of 'source/_posts/歌曲推薦/歌曲推薦-告白（고백합니다）.md', LF will be replaced by CRLF the next time Git touches it
warning: in the working copy of 'source/_posts/歌曲推薦/歌曲推薦-唯一.md', LF will be replaced by CRLF the next time Git touches it
warning: in the working copy of 'source/_posts/歌曲推薦/歌曲推薦-噓.md', LF will be replaced by CRLF the next time Git touches it
warning: in the working copy of 'source/_posts/歌曲推薦/歌曲推薦-回到過去.md', LF will be replaced by CRLF the next time Git touches it
warning: in the working copy of 'source/_posts/歌曲推薦/歌曲推薦-因為寂寞.md', LF will be replaced by CRLF the next time Git touches it
warning: in the working copy of 'source/_posts/歌曲推薦/歌曲推薦-因為愛.md', LF will be replaced by CRLF the next time Git touches it
warning: in the working copy of 'source/_posts/歌曲推薦/歌曲推薦-夜行性動物.md', LF will be replaced by CRLF the next time Git touches it
warning: in the working copy of 'source/_posts/歌曲推薦/歌曲推薦-如你所願.md', LF will be replaced by CRLF the next time Git touches it
warning: in the working copy of 'source/_posts/歌曲推薦/歌曲推薦-小風波.md', LF will be replaced by CRLF the next time Git touches it
warning: in the working copy of 'source/_posts/歌曲推薦/歌曲推薦-就值得愛了.md', LF will be replaced by CRLF the next time Git touches it
warning: in the working copy of 'source/_posts/歌曲推薦/歌曲推薦-就改天.md', LF will be replaced by CRLF the next time Git touches it
warning: in the working copy of 'source/_posts/歌曲推薦/歌曲推薦-廣島之戀.md', LF will be replaced by CRLF the next time Git touches it
warning: in the working copy of 'source/_posts/歌曲推薦/歌曲推薦-復刻回憶.md', LF will be replaced by CRLF the next time Git touches it
warning: in the working copy of 'source/_posts/歌曲推薦/歌曲推薦-忘了你忘了我.md', LF will be replaced by CRLF the next time Git touches it
warning: in the working copy of 'source/_posts/歌曲推薦/歌曲推薦-悄悄告訴她.md', LF will be replaced by CRLF the next time Git touches it
warning: in the working copy of 'source/_posts/歌曲推薦/歌曲推薦-愛丫愛丫.md', LF will be replaced by CRLF the next time Git touches it
warning: in the working copy of 'source/_posts/歌曲推薦/歌曲推薦-愛作夢的人.md', LF will be replaced by CRLF the next time Git touches it
warning: in the working copy of 'source/_posts/歌曲推薦/歌曲推薦-感謝勞力.md', LF will be replaced by CRLF the next time Git touches it
warning: in the working copy of 'source/_posts/歌曲推薦/歌曲推薦-愫.md', LF will be replaced by CRLF the next time Git touches it
warning: in the working copy of 'source/_posts/歌曲推薦/歌曲推薦-慢火車.md', LF will be replaced by CRLF the next time Git touches it
warning: in the working copy of 'source/_posts/歌曲推薦/歌曲推薦-戀戀風塵.md', LF will be replaced by CRLF the next time Git touches it
warning: in the working copy of 'source/_posts/歌曲推薦/歌曲推薦-戀曲1990.md', LF will be replaced by CRLF the next time Git touches it
warning: in the working copy of 'source/_posts/歌曲推薦/歌曲推薦-我一個人住.md', LF will be replaced by CRLF the next time Git touches it
warning: in the working copy of 'source/_posts/歌曲推薦/歌曲推薦-我們的故事.md', LF will be replaced by CRLF the next time Git touches it
warning: in the working copy of 'source/_posts/歌曲推薦/歌曲推薦-我們的歌.md', LF will be replaced by CRLF the next time Git touches it
warning: in the working copy of 'source/_posts/歌曲推薦/歌曲推薦-我在紐約打電話給你.md', LF will be replaced by CRLF the next time Git touches it
warning: in the working copy of 'source/_posts/歌曲推薦/歌曲推薦-我為你傷心.md', LF will be replaced by CRLF the next time Git touches it
warning: in the working copy of 'source/_posts/歌曲推薦/歌曲推薦-抱著你.md', LF will be replaced by CRLF the next time Git touches it
warning: in the working copy of 'source/_posts/歌曲推薦/歌曲推薦-放風吹.md', LF will be replaced by CRLF the next time Git touches it
warning: in the working copy of 'source/_posts/歌曲推薦/歌曲推薦-星月神話.md', LF will be replaced by CRLF the next time Git touches it
warning: in the working copy of 'source/_posts/歌曲推薦/歌曲推薦-有沒有那麼一首歌會讓你想起我.md', LF will be replaced by CRLF the next time Git touches it
warning: in the working copy of 'source/_posts/歌曲推薦/歌曲推薦-期待愛.md', LF will be replaced by CRLF the next time Git touches it
warning: in the working copy of 'source/_posts/歌曲推薦/歌曲推薦-淚海.md', LF will be replaced by CRLF the next time Git touches it
warning: in the working copy of 'source/_posts/歌曲推薦/歌曲推薦-無底洞.md', LF will be replaced by CRLF the next time Git touches it
warning: in the working copy of 'source/_posts/歌曲推薦/歌曲推薦-無眠.md', LF will be replaced by CRLF the next time Git touches it
warning: in the working copy of 'source/_posts/歌曲推薦/歌曲推薦-無窮.md', LF will be replaced by CRLF the next time Git touches it
warning: in the working copy of 'source/_posts/歌曲推薦/歌曲推薦-燃燒一瞬間.md', LF will be replaced by CRLF the next time Git touches it
warning: in the working copy of 'source/_posts/歌曲推薦/歌曲推薦-理想.md', LF will be replaced by CRLF the next time Git touches it
warning: in the working copy of 'source/_posts/歌曲推薦/歌曲推薦-留不住的故事.md', LF will be replaced by CRLF the next time Git touches it
warning: in the working copy of 'source/_posts/歌曲推薦/歌曲推薦-神話.md', LF will be replaced by CRLF the next time Git touches it
warning: in the working copy of 'source/_posts/歌曲推薦/歌曲推薦-第一個清晨.md', LF will be replaced by CRLF the next time Git touches it
warning: in the working copy of 'source/_posts/歌曲推薦/歌曲推薦-答案.md', LF will be replaced by CRLF the next time Git touches it
warning: in the working copy of 'source/_posts/歌曲推薦/歌曲推薦-給我一首歌的時間.md', LF will be replaced by CRLF the next time Git touches it
warning: in the working copy of 'source/_posts/歌曲推薦/歌曲推薦-給電影人的情書.md', LF will be replaced by CRLF the next time Git touches it
warning: in the working copy of 'source/_posts/歌曲推薦/歌曲推薦-練習.md', LF will be replaced by CRLF the next time Git touches it
warning: in the working copy of 'source/_posts/歌曲推薦/歌曲推薦-老男孩.md', LF will be replaced by CRLF the next time Git touches it
warning: in the working copy of 'source/_posts/歌曲推薦/歌曲推薦-舊愛.md', LF will be replaced by CRLF the next time Git touches it
warning: in the working copy of 'source/_posts/歌曲推薦/歌曲推薦-若我告訴你其實我愛的只是你.md', LF will be replaced by CRLF the next time Git touches it
warning: in the working copy of 'source/_posts/歌曲推薦/歌曲推薦-茫茫到深更.md', LF will be replaced by CRLF the next time Git touches it
warning: in the working copy of 'source/_posts/歌曲推薦/歌曲推薦-葉子.md', LF will be replaced by CRLF the next time Git touches it
warning: in the working copy of 'source/_posts/歌曲推薦/歌曲推薦-藍色眼睛.md', LF will be replaced by CRLF the next time Git touches it
warning: in the working copy of 'source/_posts/歌曲推薦/歌曲推薦-親愛的你啊.md', LF will be replaced by CRLF the next time Git touches it
warning: in the working copy of 'source/_posts/歌曲推薦/歌曲推薦-說，你愛我.md', LF will be replaced by CRLF the next time Git touches it
warning: in the working copy of 'source/_posts/歌曲推薦/歌曲推薦-逍遙嘆.md', LF will be replaced by CRLF the next time Git touches it
warning: in the working copy of 'source/_posts/歌曲推薦/歌曲推薦-這些日子以來.md', LF will be replaced by CRLF the next time Git touches it
warning: in the working copy of 'source/_posts/歌曲推薦/歌曲推薦-關於愛的定義.md', LF will be replaced by CRLF the next time Git touches it
warning: in the working copy of 'source/_posts/歌曲推薦/歌曲推薦-雲中月圓.md', LF will be replaced by CRLF the next time Git touches it
warning: in the working copy of 'source/_posts/歌曲推薦/歌曲推薦-非常時期.md', LF will be replaced by CRLF the next time Git touches it
warning: in the working copy of 'source/_posts/歌曲推薦/歌曲推薦-鴨子.md', LF will be replaced by CRLF the next time Git touches it
warning: in the working copy of 'source/_posts/歌曲推薦/歌曲推薦-시청-앞-지하철-역에서.md', LF will be replaced by CRLF the next time Git touches it
warning: in the working copy of 'source/_posts/歌曲推薦/歌曲推薦-아로하.md', LF will be replaced by CRLF the next time Git touches it
warning: in the working copy of 'source/_posts/歌曲推薦/歌曲推薦-잊어야 한다는 마음으로（忘記他這件事）.md', LF will be replaced by CRLF the next time Git touches it
warning: in the working copy of 'source/reading-desk.yml', LF will be replaced by CRLF the next time Git touches it
warning: in the working copy of 'themes/next/layout/_macro/post.njk', LF will be replaced by CRLF the next time Git touches it
warning: in the working copy of 'themes/next/layout/_partials/head/head-unique.njk', LF will be replaced by CRLF the next time Git touches it
warning: in the working copy of 'tools/build-blogger-photo-wall.py', LF will be replaced by CRLF the next time Git touches it
warning: in the working copy of 'tools/content-check.js', LF will be replaced by CRLF the next time Git touches it
warning: in the working copy of 'tools/convert-images-to-webp.py', LF will be replaced by CRLF the next time Git touches it
warning: in the working copy of 'tools/normalize-blogger-imports.py', LF will be replaced by CRLF the next time Git touches it
warning: in the working copy of 'tools/restore-blogger-images.js', LF will be replaced by CRLF the next time Git touches it
warning: in the working copy of 'tools/site-check.js', LF will be replaced by CRLF the next time Git touches it
warning: in the working copy of '網站維護更新手冊.md', LF will be replaced by CRLF the next time Git touches it
